// Jest Snapshot v1, https://goo.gl/fbAQLP

exports[`Core client should throw error if category id is not valid 1`] = `"Category ID 'p' is not valid."`;

exports[`Core client should throw error if category id is not valid 2`] = `"Category ID 'completely*mal_formed-id' is not valid."`;

exports[`Core client should throw error if category id is not valid 3`] = `"Category ID '?***efewfewf-wdfkjhgdjhgdhjg2h' is not valid."`;
